============================= test session starts =============================
platform win32 -- Python 3.11.4, pytest-9.0.2, pluggy-1.6.0
rootdir: D:\trabajo\TFM\backend
plugins: anyio-4.12.1
collected 1 item

tests\unit\test_health_profile_flexibility.py E                          [100%]

=================================== ERRORS ====================================
________ ERROR at setup of test_create_guardian_without_health_profile ________
file D:\trabajo\TFM\backend\tests\unit\test_health_profile_flexibility.py, line 7
  def test_create_guardian_without_health_profile(client, test_db, auth_headers):
E       fixture 'test_db' not found
>       available fixtures: anyio_backend, anyio_backend_name, anyio_backend_options, cache, capfd, capfdbinary, caplog, capsys, capsysbinary, capteesys, client, db_session, doctest_namespace, engine, free_tcp_port, free_tcp_port_factory, free_udp_port, free_udp_port_factory, monkeypatch, pytestconfig, record_property, record_testsuite_property, record_xml_attribute, recwarn, subtests, tmp_path, tmp_path_factory, tmpdir, tmpdir_factory
>       use 'pytest --fixtures [testpath]' for help on them.

D:\trabajo\TFM\backend\tests\unit\test_health_profile_flexibility.py:7
---------------------------- Captured stdout setup ----------------------------
DEBUG: mock_lifespan ENTERED
=========================== short test summary info ===========================
ERROR tests/unit/test_health_profile_flexibility.py::test_create_guardian_without_health_profile
============================== 1 error in 0.08s ===============================
